// Bun Snapshot v1, https://bun.sh/docs/test/snapshots

exports[`ClaudeEventMessageItem renders a full aggregated cc turn timeline snapshot 1`] = `
"                                                                                                                  <TIME> alice ←
                                                                                                              Summarize the README
                                                                                                           ⏺ Read(/repo/README.md)
                                                                                                               ⏺ Summary line one.
                                                                                                                                  
                                                                                                                 - item A         
                                                                                                                 - item B         
                                                                                                                                  
                                                                                  ⏺ alice's Claude Code finished (1 turns • 15.0s)
                                                                                                                                  
                                                                                                                                  
                                                                                                                                  
                                                                                                                                  
                                                                                                                                  
                                                                                                                                  
                                                                                                                                  
                                                                                                                                  
                                                                                                                                  
                                                                                                                                  
                                                                                                                                  
                                                                                                                                  
                                                                                                                                  
                                                                                                                                  
                                                                                                                                  
"
`;

exports[`ClaudeEventMessageItem renders latest-turn details when multiple turns are aggregated in one session message 1`] = `
"                                                                                                                            <TIME> alice ←
                                                                                                                              First question
                                                                                                                             Second question
                                                                                                                     ⏺ Edit(/repo/file-2.ts)
                                                                                                                  ⏺ Second answer is visible
                                                                                            ⏺ alice's Claude Code finished (2 turns • 20.0s)
                                                                                                                                            
                                                                                                                                            
                                                                                                                                            
                                                                                                                                            
                                                                                                                                            
                                                                                                                                            
                                                                                                                                            
                                                                                                                                            
                                                                                                                                            
                                                                                                                                            
                                                                                                                                            
                                                                                                                                            
                                                                                                                                            
                                                                                                                                            
                                                                                                                                            
                                                                                                                                            
                                                                                                                                            
                                                                                                                                            
                                                                                                                                            
                                                                                                                                            
                                                                                                                                            
                                                                                                                                            
"
`;
